{"_items":[{"id":4,"author":null,"created_at":"2020-01-17T11:23:56Z","like_amount":null,"comment_amount":null,"title":"New Post","subtitle":null,"content":null,"type":0,"link":null,"og_title":null,"og_description":null,"og_image":null,"active":1,"updated_at":"2020-01-17T11:23:56Z","published_at":null,"link_title":null,"link_description":null,"link_image":null,"link_name":null,"video_id":null,"video_views":null,"publish_status":4,"project_id":0,"post_order":0,"hero_image":null,"slug":null,"css":null,"javascript":null}]}