{"_items":[{"id":6,"author":null,"created_at":"2019-08-11T15:58:26Z","like_amount":null,"comment_amount":null,"title":"Post with project id","subtitle":null,"content":null,"type":0,"link":null,"og_title":null,"og_description":null,"og_image":null,"active":1,"updated_at":"2019-08-11T15:58:26Z","published_at":null,"link_title":null,"link_description":null,"link_image":null,"link_name":null,"video_id":null,"video_views":null,"publish_status":4,"project_id":100001,"post_order":null,"hero_image":null,"slug":null,"css":null,"javascript":null,"tags":null}]}