{"_items":[{"id":5,"author":null,"created_at":"2020-01-16T07:52:48Z","like_amount":null,"comment_amount":null,"title":"Post with tags","subtitle":null,"content":null,"type":0,"link":null,"og_title":null,"og_description":null,"og_image":null,"active":1,"updated_at":"2020-01-16T07:52:48Z","published_at":null,"link_title":null,"link_description":null,"link_image":null,"link_name":null,"video_id":null,"video_views":null,"publish_status":4,"project_id":0,"post_order":99,"hero_image":null,"slug":null,"css":null,"javascript":null,"tags":[{"id":1,"text":"tag1"},{"id":2,"text":"tag2"}]}]}