{"_items":[{"id":7,"author":null,"created_at":"2020-01-16T07:52:48Z","like_amount":null,"comment_amount":null,"title":"OK google","subtitle":null,"content":null,"type":null,"link":null,"og_title":null,"og_description":null,"og_image":null,"active":1,"updated_at":"2020-01-16T07:52:48Z","published_at":null,"link_title":null,"link_description":null,"link_image":null,"link_name":null,"video_id":null,"video_views":null,"publish_status":4,"project_id":0,"post_order":99,"hero_image":null,"slug":null,"css":null,"javascript":null,"tags":null,"cards":[{"id":1,"post_id":7,"title":"card1","description":null,"background_image":null,"background_color":null,"image":null,"video":null,"order":0},{"id":2,"post_id":7,"title":"card2","description":null,"background_image":null,"background_color":null,"image":null,"video":null,"order":0}]}]}