{"_items":[{"followed_at":"2019-08-12T03:21:06Z","item":{"id":1,"author":2,"created_at":null,"like_amount":null,"comment_amount":null,"title":"Test post 01","subtitle":null,"content":"\u003cp\u003eTest post content 01\u003c/p\u003e","type":0,"link":"http://dev.readr.tw/post/1","og_title":null,"og_description":null,"og_image":null,"active":1,"updated_at":"2018-01-02T03:04:05Z","published_at":null,"link_title":null,"link_description":null,"link_image":null,"link_name":null,"video_id":null,"video_views":null,"publish_status":2,"project_id":null,"post_order":null,"hero_image":null,"slug":null,"css":null,"javascript":null,"updated_by":{"id":0,"uuid":null,"nickname":null,"profile_image":null,"description":null,"role":null},"tags":null,"authors":[{"id":2,"uuid":"uuid2","nickname":"test_member_02","profile_image":null,"description":null,"role":1,"author_type":0,"resource_id":1}]},"resource":"post"}]}