{"_items":[{"id":4,"author":2,"created_at":null,"like_amount":null,"comment_amount":null,"title":"Test post 04","subtitle":null,"content":"Test post content 04","type":0,"link":"http://test.link4.com","og_title":null,"og_description":null,"og_image":null,"active":0,"updated_at":"2017-12-20T23:11:37Z","published_at":null,"link_title":null,"link_description":null,"link_image":null,"link_name":null,"video_id":null,"video_views":null,"publish_status":3,"project_id":null,"post_order":null,"hero_image":null,"slug":null,"css":null,"javascript":null}]}