{"_items":[{"id":7,"author":2,"body":"comment body 06 child of 01","og_title":null,"og_description":null,"og_image":null,"like_amount":null,"parent_id":1,"resource":"http://dev.readr.tw/post/1","status":1,"active":1,"updated_at":"2018-01-07T03:04:05Z","created_at":"2019-08-11T17:44:45Z","ip":"1.2.3.4","author_nickname":"test_member_02","author_image":null,"author_role":1,"comment_amount":0}]}