{"_items":[{"id":9,"author":1,"body":"\u003ca href=\"https://developers.facebook.com/\" target=\"_blank\"\u003ehttps://developers.facebook.com/\u003c/a\u003e","og_title":"Facebook Developers","og_description":"為 Facebook 用戶開發應用程式。深入探討人工智慧、商業工具、遊戲、開放原始碼、發佈、社交網站硬體、社交網站整合，以及虛擬實境。瞭解 Facebook 的全球開發人員教育訓練和交流計畫。","og_image":"https://scontent.fkhh1-1.fna.fbcdn.net/v/t39.2365-6/43409365_184028655872630_6310199331769024512_n.jpg?_nc_cat=100\u0026_nc_oc=AQkmNjuDugRFDTwMW9EGAELhf4jvwyyY_w7_shtTc2RY-RMo9wi4LjFgDNqu5jxOA_0\u0026_nc_ht=scontent.fkhh1-1.fna\u0026oh=126cb0d457b443dc25dfa8e389a2edbf\u0026oe=5DC8BCCF","like_amount":null,"parent_id":null,"resource":"http://dev.readr.tw/post/1","status":1,"active":1,"updated_at":null,"created_at":"2019-08-11T17:44:47Z","ip":null,"author_nickname":"test_member_01","author_image":null,"author_role":1,"comment_amount":0}]}