[{
    "id": 160,
    "member_id": "english@laguage.com",
    "uuid": "3ec82505-4150-11e8-ac32-42010a8c015b",
    "points": -33,
    "name": "",
    "nickname": "英隔離訓",
    "gender": "",
    "mail": "english@laguage.com",
    "register_mode": "ordinary",
    "talk_id": "40fc8e7c-11fa-42a2-89a7-c09913d5efbb",
    "updated_at": "2018-02-22T08:26:57Z",
    "role": 1,
    "active": 1
},
{
    "id": 181,
    "member_id": "fuckface@fuckface.com",
    "uuid": "3ec844d7-4150-11e8-ac32-42010a8c015b",
    "points": -80,
    "name": "",
    "nickname": "總編 fuckface",
    "gender": "",
    "mail": "fuckface@fuckface.com",
    "register_mode": "ordinary",
    "talk_id": "e13e21e2-f666-493b-b45d-1c706d72f080",
    "updated_at": "2018-04-06T14:43:18Z",
    "description": "我是總編。",
    "profile_image": "/assets/images/members/fuckface@fuckface.com/1523025797-fuckface@fuckface.com-desktop@1x-200.jpg",
    "role": 2,
    "active": 1,
    "custom_editor": true,
    "hide_profile": false,
    "profile_push": false,
    "post_push": false,
    "comment_push": false
}]